

================================================================
== Vivado HLS Report for 'find_max'
================================================================
* Date:           Wed Sep 29 10:56:09 2021

* Version:        2020.1 (Build 2897737 on Wed May 27 20:21:37 MDT 2020)
* Project:        lab2_1_prj
* Solution:       ex_sol7
* Product family: artix7
* Target device:  xa7a12t-csg325-1Q


================================================================
== Performance Estimates
================================================================
+ Timing: 
    * Summary: 
    +------+----------+----------+------------+
    | Clock|  Target  | Estimated| Uncertainty|
    +------+----------+----------+------------+
    |clk   | 20.00 ns | 6.491 ns |   0.10 ns  |
    +------+----------+----------+------------+

+ Latency: 
    * Summary: 
    +---------+---------+----------+----------+-----+-----+---------+
    |  Latency (cycles) |  Latency (absolute) |  Interval | Pipeline|
    |   min   |   max   |    min   |    max   | min | max |   Type  |
    +---------+---------+----------+----------+-----+-----+---------+
    |      258|      258| 5.160 us | 5.160 us |  258|  258|   none  |
    +---------+---------+----------+----------+-----+-----+---------+

    + Detail: 
        * Instance: 
        N/A

        * Loop: 
        +----------+---------+---------+----------+-----------+-----------+------+----------+
        |          |  Latency (cycles) | Iteration|  Initiation Interval  | Trip |          |
        | Loop Name|   min   |   max   |  Latency |  achieved |   target  | Count| Pipelined|
        +----------+---------+---------+----------+-----------+-----------+------+----------+
        |- Loop 1  |      256|      256|         2|          -|          -|   128|    no    |
        +----------+---------+---------+----------+-----------+-----------+------+----------+



================================================================
== Utilization Estimates
================================================================
* Summary: 
+-----------------+---------+-------+-------+------+-----+
|       Name      | BRAM_18K| DSP48E|   FF  |  LUT | URAM|
+-----------------+---------+-------+-------+------+-----+
|DSP              |        -|      -|      -|     -|    -|
|Expression       |        -|      -|      0|    78|    -|
|FIFO             |        -|      -|      -|     -|    -|
|Instance         |        -|      -|      -|     -|    -|
|Memory           |        -|      -|      -|     -|    -|
|Multiplexer      |        -|      -|      -|    60|    -|
|Register         |        -|      -|     52|     -|    -|
+-----------------+---------+-------+-------+------+-----+
|Total            |        0|      0|     52|   138|    0|
+-----------------+---------+-------+-------+------+-----+
|Available        |       40|     40|  16000|  8000|    0|
+-----------------+---------+-------+-------+------+-----+
|Utilization (%)  |        0|      0|   ~0  |     1|    0|
+-----------------+---------+-------+-------+------+-----+

+ Detail: 
    * Instance: 
    N/A

    * DSP48E: 
    N/A

    * Memory: 
    N/A

    * FIFO: 
    N/A

    * Expression: 
    +---------------------+----------+-------+---+----+------------+------------+
    |    Variable Name    | Operation| DSP48E| FF| LUT| Bitwidth P0| Bitwidth P1|
    +---------------------+----------+-------+---+----+------------+------------+
    |i_fu_71_p2           |     +    |      0|  0|  15|           8|           1|
    |icmp_ln6_fu_65_p2    |   icmp   |      0|  0|  13|           8|           9|
    |icmp_ln7_fu_82_p2    |   icmp   |      0|  0|  18|          32|          32|
    |select_ln7_fu_88_p3  |  select  |      0|  0|  32|           1|          32|
    +---------------------+----------+-------+---+----+------------+------------+
    |Total                |          |      0|  0|  78|          49|          74|
    +---------------------+----------+-------+---+----+------------+------------+

    * Multiplexer: 
    +---------------+----+-----------+-----+-----------+
    |      Name     | LUT| Input Size| Bits| Total Bits|
    +---------------+----+-----------+-----+-----------+
    |a_in_address0  |  15|          3|    7|         21|
    |ap_NS_fsm      |  27|          5|    1|          5|
    |i_0_reg_54     |   9|          2|    8|         16|
    |max_0_reg_44   |   9|          2|   32|         64|
    +---------------+----+-----------+-----+-----------+
    |Total          |  60|         12|   48|        106|
    +---------------+----+-----------+-----+-----------+

    * Register: 
    +--------------+----+----+-----+-----------+
    |     Name     | FF | LUT| Bits| Const Bits|
    +--------------+----+----+-----+-----------+
    |ap_CS_fsm     |   4|   0|    4|          0|
    |i_0_reg_54    |   8|   0|    8|          0|
    |i_reg_109     |   8|   0|    8|          0|
    |max_0_reg_44  |  32|   0|   32|          0|
    +--------------+----+----+-----+-----------+
    |Total         |  52|   0|   52|          0|
    +--------------+----+----+-----+-----------+



================================================================
== Interface
================================================================
* Summary: 
+---------------+-----+-----+------------+--------------+--------------+
|   RTL Ports   | Dir | Bits|  Protocol  | Source Object|    C Type    |
+---------------+-----+-----+------------+--------------+--------------+
|ap_clk         |  in |    1| ap_ctrl_hs |   find_max   | return value |
|ap_rst         |  in |    1| ap_ctrl_hs |   find_max   | return value |
|ap_start       |  in |    1| ap_ctrl_hs |   find_max   | return value |
|ap_done        | out |    1| ap_ctrl_hs |   find_max   | return value |
|ap_idle        | out |    1| ap_ctrl_hs |   find_max   | return value |
|ap_ready       | out |    1| ap_ctrl_hs |   find_max   | return value |
|ap_return      | out |   32| ap_ctrl_hs |   find_max   | return value |
|a_in_address0  | out |    7|  ap_memory |     a_in     |     array    |
|a_in_ce0       | out |    1|  ap_memory |     a_in     |     array    |
|a_in_q0        |  in |   32|  ap_memory |     a_in     |     array    |
+---------------+-----+-----+------------+--------------+--------------+

