

================================================================
== Vivado HLS Report for 'gauss_blur'
================================================================
* Date:           Mon Nov 29 16:18:32 2021

* Version:        2020.1 (Build 2897737 on Wed May 27 20:21:37 MDT 2020)
* Project:        course_prj
* Solution:       sol1
* Product family: artix7
* Target device:  xa7a12t-csg325-1Q


================================================================
== Performance Estimates
================================================================
+ Timing: 
    * Summary: 
    +------+---------+----------+------------+
    | Clock|  Target | Estimated| Uncertainty|
    +------+---------+----------+------------+
    |clk   | 6.00 ns | 5.790 ns |   0.10 ns  |
    +------+---------+----------+------------+

+ Latency: 
    * Summary: 
    +---------+----------+-----------+-----------+---------+----------+---------+
    |  Latency (cycles)  |   Latency (absolute)  |      Interval      | Pipeline|
    |   min   |    max   |    min    |    max    |   min   |    max   |   Type  |
    +---------+----------+-----------+-----------+---------+----------+---------+
    |  3392839|  16958963| 20.357 ms | 0.102 sec |  3392839|  16958963|   none  |
    +---------+----------+-----------+-----------+---------+----------+---------+

    + Detail: 
        * Instance: 
        N/A

        * Loop: 
        +-----------------+---------+----------+--------------+-----------+-----------+------+----------+
        |                 |  Latency (cycles)  |   Iteration  |  Initiation Interval  | Trip |          |
        |    Loop Name    |   min   |    max   |    Latency   |  achieved |   target  | Count| Pipelined|
        +-----------------+---------+----------+--------------+-----------+-----------+------+----------+
        |- Loop 1         |       24|        24|             8|          -|          -|     3|    no    |
        | + Loop 1.1      |        6|         6|             2|          -|          -|     3|    no    |
        |- L2             |  3392813|  16958937| 5293 ~ 26457 |          -|          -|   641|    no    |
        | + L1            |     5291|     26455|    11 ~ 55   |          -|          -|   481|    no    |
        |  ++ L1.1        |        6|         6|             2|          -|          -|     3|    no    |
        |  ++ row_loop    |       42|        42|            14|          -|          -|     3|    no    |
        |   +++ col_loop  |       12|        12|             4|          -|          -|     3|    no    |
        +-----------------+---------+----------+--------------+-----------+-----------+------+----------+



================================================================
== Utilization Estimates
================================================================
* Summary: 
+-----------------+---------+-------+-------+------+-----+
|       Name      | BRAM_18K| DSP48E|   FF  |  LUT | URAM|
+-----------------+---------+-------+-------+------+-----+
|DSP              |        -|      1|      -|     -|    -|
|Expression       |        -|      -|      0|   607|    -|
|FIFO             |        -|      -|      -|     -|    -|
|Instance         |        -|      -|      -|     -|    -|
|Memory           |        3|      -|     16|     2|    0|
|Multiplexer      |        -|      -|      -|   324|    -|
|Register         |        -|      -|    331|     -|    -|
+-----------------+---------+-------+-------+------+-----+
|Total            |        3|      1|    347|   933|    0|
+-----------------+---------+-------+-------+------+-----+
|Available        |       40|     40|  16000|  8000|    0|
+-----------------+---------+-------+-------+------+-----+
|Utilization (%)  |        7|      2|      2|    11|    0|
+-----------------+---------+-------+-------+------+-----+

+ Detail: 
    * Instance: 
    N/A

    * DSP48E: 
    +-------------------------+----------------------+--------------+
    |         Instance        |        Module        |  Expression  |
    +-------------------------+----------------------+--------------+
    |gauss_blur_mac_mudEe_U1  |gauss_blur_mac_mudEe  | i0 + i1 * i2 |
    +-------------------------+----------------------+--------------+

    * Memory: 
    +-----------------+----------------------+---------+----+----+-----+------+-----+------+-------------+
    |      Memory     |        Module        | BRAM_18K| FF | LUT| URAM| Words| Bits| Banks| W*Bits*Banks|
    +-----------------+----------------------+---------+----+----+-----+------+-----+------+-------------+
    |kernel_U         |gauss_blur_kernel     |        0|  16|   2|    0|     9|    8|     1|           72|
    |part_buffer_0_U  |gauss_blur_part_bbkb  |        1|   0|   0|    0|   480|    8|     1|         3840|
    |part_buffer_1_U  |gauss_blur_part_bbkb  |        1|   0|   0|    0|   480|    8|     1|         3840|
    |window_U         |gauss_blur_window     |        1|   0|   0|    0|     9|    8|     1|           72|
    +-----------------+----------------------+---------+----+----+-----+------+-----+------+-------------+
    |Total            |                      |        3|  16|   2|    0|   978|   32|     4|         7824|
    +-----------------+----------------------+---------+----+----+-----+------+-----+------+-------------+

    * FIFO: 
    N/A

    * Expression: 
    +-----------------------+----------+-------+---+----+------------+------------+
    |     Variable Name     | Operation| DSP48E| FF| LUT| Bitwidth P0| Bitwidth P1|
    +-----------------------+----------+-------+---+----+------------+------------+
    |add_ln16_fu_777_p2     |     +    |      0|  0|  15|           5|           5|
    |add_ln40_fu_431_p2     |     +    |      0|  0|  15|           5|           5|
    |add_ln50_fu_559_p2     |     +    |      0|  0|  27|          20|          20|
    |add_ln55_fu_626_p2     |     +    |      0|  0|  15|           5|           1|
    |add_ln56_fu_637_p2     |     +    |      0|  0|  15|           5|           2|
    |add_ln73_fu_829_p2     |     +    |      0|  0|  27|          20|          20|
    |add_ln75_fu_756_p2     |     +    |      0|  0|  27|          20|          20|
    |col_fu_549_p2          |     +    |      0|  0|  16|           9|           1|
    |i_1_fu_598_p2          |     +    |      0|  0|  10|           2|           1|
    |i_2_fu_703_p2          |     +    |      0|  0|  10|           2|           1|
    |i_fu_387_p2            |     +    |      0|  0|  10|           2|           1|
    |j_1_fu_767_p2          |     +    |      0|  0|  10|           2|           1|
    |j_fu_421_p2            |     +    |      0|  0|  10|           2|           1|
    |outcol_fu_663_p2       |     +    |      0|  0|  16|           9|           2|
    |outrow_fu_499_p2       |     +    |      0|  0|  18|          11|           2|
    |row_fu_451_p2          |     +    |      0|  0|  17|          10|           1|
    |sub_ln16_fu_725_p2     |     -    |      0|  0|  15|           5|           5|
    |sub_ln21_1_fu_747_p2   |     -    |      0|  0|  15|           1|           8|
    |sub_ln21_fu_731_p2     |     -    |      0|  0|  39|           1|          32|
    |sub_ln40_fu_409_p2     |     -    |      0|  0|  15|           5|           5|
    |sub_ln50_fu_487_p2     |     -    |      0|  0|  27|          20|          20|
    |sub_ln55_fu_620_p2     |     -    |      0|  0|  15|           5|           5|
    |sub_ln73_fu_537_p2     |     -    |      0|  0|  27|          20|          20|
    |and_ln49_fu_575_p2     |    and   |      0|  0|   2|           1|           1|
    |and_ln67_fu_658_p2     |    and   |      0|  0|   2|           1|           1|
    |icmp_ln14_fu_697_p2    |   icmp   |      0|  0|   8|           2|           2|
    |icmp_ln15_fu_761_p2    |   icmp   |      0|  0|   8|           2|           2|
    |icmp_ln38_fu_381_p2    |   icmp   |      0|  0|   8|           2|           2|
    |icmp_ln39_fu_415_p2    |   icmp   |      0|  0|   8|           2|           2|
    |icmp_ln45_fu_445_p2    |   icmp   |      0|  0|  13|          10|          10|
    |icmp_ln46_fu_543_p2    |   icmp   |      0|  0|  13|           9|           6|
    |icmp_ln49_1_fu_569_p2  |   icmp   |      0|  0|  13|           9|           7|
    |icmp_ln49_fu_457_p2    |   icmp   |      0|  0|  13|          10|          10|
    |icmp_ln54_fu_592_p2    |   icmp   |      0|  0|   8|           2|           2|
    |icmp_ln67_1_fu_652_p2  |   icmp   |      0|  0|  13|           9|           1|
    |icmp_ln67_fu_493_p2    |   icmp   |      0|  0|  13|          10|           1|
    |icmp_ln72_1_fu_511_p2  |   icmp   |      0|  0|  13|          11|          10|
    |icmp_ln72_2_fu_669_p2  |   icmp   |      0|  0|  13|           9|           1|
    |icmp_ln72_3_fu_675_p2  |   icmp   |      0|  0|  13|           9|           7|
    |icmp_ln72_fu_505_p2    |   icmp   |      0|  0|  13|          11|           1|
    |or_ln72_1_fu_686_p2    |    or    |      0|  0|   2|           1|           1|
    |or_ln72_2_fu_691_p2    |    or    |      0|  0|   2|           1|           1|
    |or_ln72_fu_681_p2      |    or    |      0|  0|   2|           1|           1|
    |select_ln21_fu_814_p3  |  select  |      0|  0|   8|           1|           8|
    |select_ln49_fu_584_p3  |  select  |      0|  0|   8|           1|           8|
    +-----------------------+----------+-------+---+----+------------+------------+
    |Total                  |          |      0|  0| 607|         300|         264|
    +-----------------------+----------+-------+---+----+------------+------------+

    * Multiplexer: 
    +------------------------+----+-----------+-----+-----------+
    |          Name          | LUT| Input Size| Bits| Total Bits|
    +------------------------+----+-----------+-----+-----------+
    |ap_NS_fsm               |  93|         19|    1|         19|
    |col_0_reg_312           |   9|          2|    9|         18|
    |i1_0_reg_324            |   9|          2|    2|          4|
    |i_0_i_reg_347           |   9|          2|    2|          4|
    |i_0_reg_279             |   9|          2|    2|          4|
    |j_0_i_reg_370           |   9|          2|    2|          4|
    |j_0_reg_290             |   9|          2|    2|          4|
    |kernel_address0         |  15|          3|    4|         12|
    |outImage_address0       |  15|          3|   19|         57|
    |outImage_d0             |  15|          3|    8|         24|
    |part_buffer_0_address0  |  15|          3|    9|         27|
    |result_0_i_reg_335      |   9|          2|   32|         64|
    |result_1_i_reg_358      |   9|          2|   32|         64|
    |row_0_reg_301           |   9|          2|   10|         20|
    |window_address0         |  27|          5|    4|         20|
    |window_address1         |  27|          5|    4|         20|
    |window_d0               |  21|          4|    8|         32|
    |window_d1               |  15|          3|    8|         24|
    +------------------------+----+-----------+-----+-----------+
    |Total                   | 324|         66|  158|        421|
    +------------------------+----+-----------+-----+-----------+

    * Register: 
    +----------------------------+----+----+-----+-----------+
    |            Name            | FF | LUT| Bits| Const Bits|
    +----------------------------+----+----+-----+-----------+
    |add_ln75_reg_1031           |  20|   0|   20|          0|
    |and_ln67_reg_999            |   1|   0|    1|          0|
    |ap_CS_fsm                   |  18|   0|   18|          0|
    |col_0_reg_312               |   9|   0|    9|          0|
    |col_reg_935                 |   9|   0|    9|          0|
    |i1_0_reg_324                |   2|   0|    2|          0|
    |i_0_i_reg_347               |   2|   0|    2|          0|
    |i_0_reg_279                 |   2|   0|    2|          0|
    |i_1_reg_964                 |   2|   0|    2|          0|
    |i_2_reg_1016                |   2|   0|    2|          0|
    |i_reg_865                   |   2|   0|    2|          0|
    |icmp_ln49_1_reg_945         |   1|   0|    1|          0|
    |icmp_ln49_reg_901           |   1|   0|    1|          0|
    |icmp_ln67_reg_911           |   1|   0|    1|          0|
    |icmp_ln72_1_reg_921         |   1|   0|    1|          0|
    |icmp_ln72_reg_916           |   1|   0|    1|          0|
    |j_0_i_reg_370               |   2|   0|    2|          0|
    |j_0_reg_290                 |   2|   0|    2|          0|
    |j_1_reg_1039                |   2|   0|    2|          0|
    |j_reg_878                   |   2|   0|    2|          0|
    |or_ln72_2_reg_1009          |   1|   0|    1|          0|
    |outcol_reg_1003             |   9|   0|    9|          0|
    |part_buffer_0_addr_reg_984  |   9|   0|    9|          0|
    |part_buffer_1_load_reg_994  |   8|   0|    8|          0|
    |result_0_i_reg_335          |  32|   0|   32|          0|
    |result_1_i_reg_358          |  32|   0|   32|          0|
    |row_0_reg_301               |  10|   0|   10|          0|
    |row_reg_896                 |  10|   0|   10|          0|
    |select_ln49_reg_955         |   8|   0|    8|          0|
    |sext_ln40_reg_883           |  64|   0|   64|          0|
    |sub_ln16_reg_1021           |   5|   0|    5|          0|
    |sub_ln21_1_reg_1026         |   8|   0|    8|          0|
    |sub_ln40_reg_870            |   5|   0|    5|          0|
    |sub_ln50_reg_906            |  15|   0|   20|          5|
    |sub_ln55_reg_969            |   5|   0|    5|          0|
    |sub_ln73_reg_926            |  15|   0|   20|          5|
    |window_addr_3_reg_974       |   4|   0|    4|          0|
    |zext_ln50_1_reg_949         |   9|   0|   64|         55|
    +----------------------------+----+----+-----+-----------+
    |Total                       | 331|   0|  396|         65|
    +----------------------------+----+----+-----+-----------+



================================================================
== Interface
================================================================
* Summary: 
+-----------------------+-----+-----+------------+--------------+--------------+
|       RTL Ports       | Dir | Bits|  Protocol  | Source Object|    C Type    |
+-----------------------+-----+-----+------------+--------------+--------------+
|ap_clk                 |  in |    1| ap_ctrl_hs |  gauss_blur  | return value |
|ap_rst                 |  in |    1| ap_ctrl_hs |  gauss_blur  | return value |
|ap_start               |  in |    1| ap_ctrl_hs |  gauss_blur  | return value |
|ap_done                | out |    1| ap_ctrl_hs |  gauss_blur  | return value |
|ap_idle                | out |    1| ap_ctrl_hs |  gauss_blur  | return value |
|ap_ready               | out |    1| ap_ctrl_hs |  gauss_blur  | return value |
|inImage_address0       | out |   19|  ap_memory |    inImage   |     array    |
|inImage_ce0            | out |    1|  ap_memory |    inImage   |     array    |
|inImage_q0             |  in |    8|  ap_memory |    inImage   |     array    |
|gauss_kernel_address0  | out |    4|  ap_memory | gauss_kernel |     array    |
|gauss_kernel_ce0       | out |    1|  ap_memory | gauss_kernel |     array    |
|gauss_kernel_q0        |  in |    8|  ap_memory | gauss_kernel |     array    |
|outImage_address0      | out |   19|  ap_memory |   outImage   |     array    |
|outImage_ce0           | out |    1|  ap_memory |   outImage   |     array    |
|outImage_we0           | out |    1|  ap_memory |   outImage   |     array    |
|outImage_d0            | out |    8|  ap_memory |   outImage   |     array    |
+-----------------------+-----+-----+------------+--------------+--------------+

