

================================================================
== Vivado HLS Report for 'gauss_blur'
================================================================
* Date:           Tue Nov 30 11:55:05 2021

* Version:        2020.1 (Build 2897737 on Wed May 27 20:21:37 MDT 2020)
* Project:        course_prj
* Solution:       sol8
* Product family: artix7
* Target device:  xa7a12t-csg325-1Q


================================================================
== Performance Estimates
================================================================
+ Timing: 
    * Summary: 
    +------+---------+----------+------------+
    | Clock|  Target | Estimated| Uncertainty|
    +------+---------+----------+------------+
    |clk   | 6.00 ns | 6.875 ns |   0.10 ns  |
    +------+---------+----------+------------+

+ Latency: 
    * Summary: 
    +---------+---------+-----------+-----------+---------+---------+---------+
    |  Latency (cycles) |   Latency (absolute)  |      Interval     | Pipeline|
    |   min   |   max   |    min    |    max    |   min   |   max   |   Type  |
    +---------+---------+-----------+-----------+---------+---------+---------+
    |  2076643|  2076643| 14.277 ms | 14.277 ms |  2076643|  2076643|   none  |
    +---------+---------+-----------+-----------+---------+---------+---------+

    + Detail: 
        * Instance: 
        N/A

        * Loop: 
        +-------------+---------+---------+----------+-----------+-----------+---------+----------+
        |             |  Latency (cycles) | Iteration|  Initiation Interval  |   Trip  |          |
        |  Loop Name  |   min   |   max   |  Latency |  achieved |   target  |  Count  | Pipelined|
        +-------------+---------+---------+----------+-----------+-----------+---------+----------+
        |- Loop 1     |       33|       33|        11|          -|          -|        3|    no    |
        | + Loop 1.1  |        9|        9|         3|          -|          -|        3|    no    |
        |- L2_L1      |  2076607|  2076607|         8|          1|          1|  2076601|    yes   |
        +-------------+---------+---------+----------+-----------+-----------+---------+----------+



================================================================
== Utilization Estimates
================================================================
* Summary: 
+-----------------+---------+-------+-------+------+-----+
|       Name      | BRAM_18K| DSP48E|   FF  |  LUT | URAM|
+-----------------+---------+-------+-------+------+-----+
|DSP              |        -|      5|      -|     -|    -|
|Expression       |        -|      0|      0|   675|    -|
|FIFO             |        -|      -|      -|     -|    -|
|Instance         |        -|      -|      -|     -|    -|
|Memory           |        2|      -|      0|     0|    0|
|Multiplexer      |        -|      -|      -|   185|    -|
|Register         |        0|      -|    833|   128|    -|
+-----------------+---------+-------+-------+------+-----+
|Total            |        2|      5|    833|   988|    0|
+-----------------+---------+-------+-------+------+-----+
|Available        |       40|     40|  16000|  8000|    0|
+-----------------+---------+-------+-------+------+-----+
|Utilization (%)  |        5|     12|      5|    12|    0|
+-----------------+---------+-------+-------+------+-----+

+ Detail: 
    * Instance: 
    N/A

    * DSP48E: 
    +-------------------------+----------------------+--------------+
    |         Instance        |        Module        |  Expression  |
    +-------------------------+----------------------+--------------+
    |gauss_blur_mac_mudEe_U1  |gauss_blur_mac_mudEe  | i0 + i1 * i2 |
    |gauss_blur_mac_mudEe_U2  |gauss_blur_mac_mudEe  | i0 + i1 * i2 |
    |gauss_blur_mac_mudEe_U3  |gauss_blur_mac_mudEe  | i0 + i1 * i2 |
    |gauss_blur_mac_mudEe_U4  |gauss_blur_mac_mudEe  | i0 + i1 * i2 |
    |gauss_blur_mac_mueOg_U5  |gauss_blur_mac_mueOg  | i0 + i1 * i2 |
    +-------------------------+----------------------+--------------+

    * Memory: 
    +-----------------+----------------------+---------+---+----+-----+------+-----+------+-------------+
    |      Memory     |        Module        | BRAM_18K| FF| LUT| URAM| Words| Bits| Banks| W*Bits*Banks|
    +-----------------+----------------------+---------+---+----+-----+------+-----+------+-------------+
    |part_buffer_0_U  |gauss_blur_part_bbkb  |        1|  0|   0|    0|  1080|    8|     1|         8640|
    |part_buffer_1_U  |gauss_blur_part_bbkb  |        1|  0|   0|    0|  1080|    8|     1|         8640|
    +-----------------+----------------------+---------+---+----+-----+------+-----+------+-------------+
    |Total            |                      |        2|  0|   0|    0|  2160|   16|     2|        17280|
    +-----------------+----------------------+---------+---+----+-----+------+-----+------+-------------+

    * FIFO: 
    N/A

    * Expression: 
    +-----------------------------------+----------+-------+---+----+------------+------------+
    |           Variable Name           | Operation| DSP48E| FF| LUT| Bitwidth P0| Bitwidth P1|
    +-----------------------------------+----------+-------+---+----+------------+------------+
    |mul_ln16_1_fu_719_p2               |     *    |      0|  0|  42|           8|           8|
    |mul_ln16_2_fu_752_p2               |     *    |      0|  0|  42|           8|           8|
    |mul_ln16_5_fu_764_p2               |     *    |      0|  0|  42|           8|           8|
    |mul_ln16_6_fu_730_p2               |     *    |      0|  0|  42|           8|           8|
    |add_ln16_2_fu_784_p2               |     +    |      0|  0|  25|          18|          18|
    |add_ln16_6_fu_802_p2               |     +    |      0|  0|  26|          19|          19|
    |add_ln16_7_fu_812_p2               |     +    |      0|  0|  27|          20|          20|
    |add_ln40_fu_400_p2                 |     +    |      0|  0|  15|           5|           5|
    |add_ln46_fu_483_p2                 |     +    |      0|  0|  28|          21|           1|
    |add_ln69_1_fu_553_p2               |     +    |      0|  0|  19|          12|           2|
    |col_fu_579_p2                      |     +    |      0|  0|  18|          11|           1|
    |i_fu_293_p2                        |     +    |      0|  0|  10|           2|           1|
    |j_fu_390_p2                        |     +    |      0|  0|  10|           2|           1|
    |outcol_fu_660_p2                   |     +    |      0|  0|  18|          11|           2|
    |outrow_fu_459_p2                   |     +    |      0|  0|  19|          12|           2|
    |row_fu_489_p2                      |     +    |      0|  0|  18|          11|           1|
    |sub_ln40_fu_315_p2                 |     -    |      0|  0|  15|           5|           5|
    |and_ln50_fu_573_p2                 |    and   |      0|  0|   2|           1|           1|
    |and_ln68_fu_655_p2                 |    and   |      0|  0|   2|           1|           1|
    |ap_block_state7_pp0_stage0_iter1   |    and   |      0|  0|   2|           1|           1|
    |ap_condition_375                   |    and   |      0|  0|   2|           1|           1|
    |ap_predicate_op150_read_state7     |    and   |      0|  0|   2|           1|           1|
    |ap_predicate_op233_write_state13   |    and   |      0|  0|   2|           1|           1|
    |ap_predicate_op235_write_state13   |    and   |      0|  0|   2|           1|           1|
    |icmp_ln38_fu_287_p2                |   icmp   |      0|  0|   8|           2|           2|
    |icmp_ln39_fu_384_p2                |   icmp   |      0|  0|   8|           2|           2|
    |icmp_ln46_fu_477_p2                |   icmp   |      0|  0|  18|          21|          16|
    |icmp_ln47_fu_495_p2                |   icmp   |      0|  0|  13|          11|          11|
    |icmp_ln50_1_fu_567_p2              |   icmp   |      0|  0|  13|          11|          11|
    |icmp_ln50_2_fu_519_p2              |   icmp   |      0|  0|  13|          11|           9|
    |icmp_ln50_fu_513_p2                |   icmp   |      0|  0|  13|          11|           9|
    |icmp_ln68_1_fu_650_p2              |   icmp   |      0|  0|  13|          11|           1|
    |icmp_ln68_2_fu_539_p2              |   icmp   |      0|  0|  13|          11|           1|
    |icmp_ln68_fu_533_p2                |   icmp   |      0|  0|  13|          11|           1|
    |icmp_ln73_1_fu_471_p2              |   icmp   |      0|  0|  13|          12|          11|
    |icmp_ln73_2_fu_665_p2              |   icmp   |      0|  0|  13|          11|           1|
    |icmp_ln73_3_fu_671_p2              |   icmp   |      0|  0|  13|          11|          11|
    |icmp_ln73_4_fu_618_p2              |   icmp   |      0|  0|  13|          12|           1|
    |icmp_ln73_5_fu_629_p2              |   icmp   |      0|  0|  13|          12|          11|
    |icmp_ln73_fu_465_p2                |   icmp   |      0|  0|  13|          12|           1|
    |ap_block_pp0_stage0_01001          |    or    |      0|  0|   2|           1|           1|
    |ap_block_state13_pp0_stage0_iter7  |    or    |      0|  0|   2|           1|           1|
    |or_ln73_1_fu_683_p2                |    or    |      0|  0|   2|           1|           1|
    |or_ln73_2_fu_689_p2                |    or    |      0|  0|   2|           1|           1|
    |or_ln73_fu_677_p2                  |    or    |      0|  0|   2|           1|           1|
    |select_ln46_1_fu_525_p3            |  select  |      0|  0|   2|           1|           1|
    |select_ln46_2_fu_545_p3            |  select  |      0|  0|   2|           1|           1|
    |select_ln46_3_fu_623_p3            |  select  |      0|  0|   2|           1|           1|
    |select_ln46_4_fu_634_p3            |  select  |      0|  0|   2|           1|           1|
    |select_ln46_5_fu_559_p3            |  select  |      0|  0|  11|           1|          11|
    |select_ln46_fu_501_p3              |  select  |      0|  0|  11|           1|           1|
    |ap_enable_pp0                      |    xor   |      0|  0|   2|           1|           2|
    +-----------------------------------+----------+-------+---+----+------------+------------+
    |Total                              |          |      0|  0| 675|         372|         239|
    +-----------------------------------+----------+-------+---+----+------------+------------+

    * Multiplexer: 
    +-------------------------------------+----+-----------+-----+-----------+
    |                 Name                | LUT| Input Size| Bits| Total Bits|
    +-------------------------------------+----+-----------+-----+-----------+
    |ap_NS_fsm                            |  41|          8|    1|          8|
    |ap_enable_reg_pp0_iter2              |   9|          2|    1|          2|
    |ap_enable_reg_pp0_iter7              |   9|          2|    1|          2|
    |ap_phi_mux_window_2_2_phi_fu_278_p4  |  15|          3|    8|         24|
    |ap_sig_allocacmp_window_0_1_1        |   9|          2|    8|         16|
    |ap_sig_allocacmp_window_1_1_1        |   9|          2|    8|         16|
    |col_0_reg_263                        |   9|          2|   11|         22|
    |i_0_reg_217                          |   9|          2|    2|          4|
    |inImage_blk_n                        |   9|          2|    1|          2|
    |indvar_flatten_reg_241               |   9|          2|   21|         42|
    |j_0_reg_229                          |   9|          2|    2|          4|
    |outImage_blk_n                       |   9|          2|    1|          2|
    |outImage_din                         |  15|          3|    8|         24|
    |row_0_reg_252                        |   9|          2|   11|         22|
    |window_2_2_reg_274                   |  15|          3|    8|         24|
    +-------------------------------------+----+-----------+-----+-----------+
    |Total                                | 185|         39|   92|        214|
    +-------------------------------------+----+-----------+-----+-----------+

    * Register: 
    +-------------------------------------------+----+----+-----+-----------+
    |                    Name                   | FF | LUT| Bits| Const Bits|
    +-------------------------------------------+----+----+-----+-----------+
    |add_ln16_1_reg_1189                        |  17|   0|   17|          0|
    |add_ln16_2_reg_1199                        |  18|   0|   18|          0|
    |add_ln16_3_reg_1184                        |  17|   0|   17|          0|
    |add_ln16_4_reg_1194                        |  17|   0|   17|          0|
    |add_ln16_5_reg_1204                        |  18|   0|   18|          0|
    |add_ln16_reg_1179                          |  17|   0|   17|          0|
    |add_ln16_reg_1179_pp0_iter4_reg            |  17|   0|   17|          0|
    |add_ln69_1_reg_1065                        |  12|   0|   12|          0|
    |and_ln50_reg_1080                          |   1|   0|    1|          0|
    |and_ln68_reg_1121                          |   1|   0|    1|          0|
    |ap_CS_fsm                                  |   7|   0|    7|          0|
    |ap_enable_reg_pp0_iter0                    |   1|   0|    1|          0|
    |ap_enable_reg_pp0_iter1                    |   1|   0|    1|          0|
    |ap_enable_reg_pp0_iter2                    |   1|   0|    1|          0|
    |ap_enable_reg_pp0_iter3                    |   1|   0|    1|          0|
    |ap_enable_reg_pp0_iter4                    |   1|   0|    1|          0|
    |ap_enable_reg_pp0_iter5                    |   1|   0|    1|          0|
    |ap_enable_reg_pp0_iter6                    |   1|   0|    1|          0|
    |ap_enable_reg_pp0_iter7                    |   1|   0|    1|          0|
    |col_0_reg_263                              |  11|   0|   11|          0|
    |i_0_reg_217                                |   2|   0|    2|          0|
    |i_reg_921                                  |   2|   0|    2|          0|
    |icmp_ln46_reg_1038                         |   1|   0|    1|          0|
    |icmp_ln47_reg_1047                         |   1|   0|    1|          0|
    |icmp_ln50_1_reg_1076                       |   1|   0|    1|          0|
    |icmp_ln73_1_reg_1033                       |   1|   0|    1|          0|
    |icmp_ln73_reg_1028                         |   1|   0|    1|          0|
    |indvar_flatten_reg_241                     |  21|   0|   21|          0|
    |j_0_reg_229                                |   2|   0|    2|          0|
    |j_reg_1018                                 |   2|   0|    2|          0|
    |kernel_0_0_read_as_fu_102                  |   8|   0|    8|          0|
    |kernel_0_1_read_as_fu_106                  |   8|   0|    8|          0|
    |kernel_0_2_read_as_fu_110                  |   8|   0|    8|          0|
    |kernel_1_0_read_as_fu_114                  |   8|   0|    8|          0|
    |kernel_1_1_read_as_fu_118                  |   8|   0|    8|          0|
    |kernel_1_2_read_as_fu_122                  |   8|   0|    8|          0|
    |kernel_2_0_read_as_fu_98                   |   8|   0|    8|          0|
    |kernel_2_1_read_as_fu_94                   |   8|   0|    8|          0|
    |kernel_2_2_read_as_fu_90                   |   8|   0|    8|          0|
    |mul_ln16_1_reg_1144                        |  16|   0|   16|          0|
    |mul_ln16_2_reg_1164                        |  16|   0|   16|          0|
    |mul_ln16_5_reg_1174                        |  16|   0|   16|          0|
    |mul_ln16_6_reg_1154                        |  16|   0|   16|          0|
    |or_ln73_2_reg_1125                         |   1|   0|    1|          0|
    |part_buffer_0_addr_reg_1109                |  11|   0|   11|          0|
    |part_buffer_0_addr_reg_1109_pp0_iter2_reg  |  11|   0|   11|          0|
    |part_buffer_1_addr_reg_1115                |  11|   0|   11|          0|
    |row_0_reg_252                              |  11|   0|   11|          0|
    |select_ln46_2_reg_1060                     |   1|   0|    1|          0|
    |select_ln46_reg_1053                       |  11|   0|   11|          0|
    |sub_ln40_reg_926                           |   5|   0|    5|          0|
    |trunc_ln_reg_1209                          |   8|   0|    8|          0|
    |window_0_0_fu_134                          |   8|   0|    8|          0|
    |window_0_1_1_reg_1099                      |   8|   0|    8|          0|
    |window_0_1_fu_146                          |   8|   0|    8|          0|
    |window_1_0_fu_138                          |   8|   0|    8|          0|
    |window_1_0_load_reg_1089                   |   8|   0|    8|          0|
    |window_1_0_load_reg_1089_pp0_iter2_reg     |   8|   0|    8|          0|
    |window_1_1_1_reg_1104                      |   8|   0|    8|          0|
    |window_1_1_fu_150                          |   8|   0|    8|          0|
    |window_1_2_reg_1139                        |   8|   0|    8|          0|
    |window_2_0_fu_142                          |   8|   0|    8|          0|
    |window_2_0_load_reg_1094                   |   8|   0|    8|          0|
    |window_2_1_fu_154                          |   8|   0|    8|          0|
    |window_2_2_reg_274                         |   8|   0|    8|          0|
    |zext_ln16_1_reg_975                        |   8|   0|   16|          8|
    |zext_ln16_2_reg_980                        |   8|   0|   16|          8|
    |zext_ln16_3_reg_985                        |   8|   0|   16|          8|
    |zext_ln16_4_reg_990                        |   8|   0|   16|          8|
    |zext_ln16_5_reg_995                        |   8|   0|   16|          8|
    |zext_ln16_6_reg_1000                       |   8|   0|   16|          8|
    |zext_ln16_7_reg_1005                       |   8|   0|   16|          8|
    |zext_ln16_reg_970                          |   8|   0|   16|          8|
    |zext_ln46_reg_1010                         |   8|   0|   16|          8|
    |add_ln16_3_reg_1184                        |  64|  32|   17|          0|
    |and_ln68_reg_1121                          |  64|  32|    1|          0|
    |icmp_ln50_1_reg_1076                       |  64|  32|    1|          0|
    |or_ln73_2_reg_1125                         |  64|  32|    1|          0|
    +-------------------------------------------+----+----+-----+-----------+
    |Total                                      | 833| 128|  669|         72|
    +-------------------------------------------+----+----+-----+-----------+



================================================================
== Interface
================================================================
* Summary: 
+-----------------------+-----+-----+------------+--------------+--------------+
|       RTL Ports       | Dir | Bits|  Protocol  | Source Object|    C Type    |
+-----------------------+-----+-----+------------+--------------+--------------+
|ap_clk                 |  in |    1| ap_ctrl_hs |  gauss_blur  | return value |
|ap_rst                 |  in |    1| ap_ctrl_hs |  gauss_blur  | return value |
|ap_start               |  in |    1| ap_ctrl_hs |  gauss_blur  | return value |
|ap_done                | out |    1| ap_ctrl_hs |  gauss_blur  | return value |
|ap_idle                | out |    1| ap_ctrl_hs |  gauss_blur  | return value |
|ap_ready               | out |    1| ap_ctrl_hs |  gauss_blur  | return value |
|inImage_dout           |  in |    8|   ap_fifo  |    inImage   |    pointer   |
|inImage_empty_n        |  in |    1|   ap_fifo  |    inImage   |    pointer   |
|inImage_read           | out |    1|   ap_fifo  |    inImage   |    pointer   |
|gauss_kernel_address0  | out |    4|  ap_memory | gauss_kernel |     array    |
|gauss_kernel_ce0       | out |    1|  ap_memory | gauss_kernel |     array    |
|gauss_kernel_q0        |  in |    8|  ap_memory | gauss_kernel |     array    |
|outImage_din           | out |    8|   ap_fifo  |   outImage   |    pointer   |
|outImage_full_n        |  in |    1|   ap_fifo  |   outImage   |    pointer   |
|outImage_write         | out |    1|   ap_fifo  |   outImage   |    pointer   |
+-----------------------+-----+-----+------------+--------------+--------------+

